[1m
  ██╗  ██╗ █████╗ ██╗     ███████╗██╗  ██╗ ██████╗ ██╗   ██╗███╗   ██╗██████╗ 
  ██║  ██║██╔══██╗██║     ██╔════╝██║  ██║██╔═══██╗██║   ██║████╗  ██║██╔══██╗
  ███████║███████║██║     █████╗  ███████║██║   ██║██║   ██║██╔██╗ ██║██║  ██║
  ██╔══██║██╔══██║██║     ██╔══╝  ██╔══██║██║   ██║██║   ██║██║╚██╗██║██║  ██║
  ██║  ██║██║  ██║███████╗███████╗██║  ██║╚██████╔╝╚██████╔╝██║ ╚████║██████╔╝
  ╚═╝  ╚═╝╚═╝  ╚═╝╚══════╝╚══════╝╚═╝  ╚═╝ ╚═════╝  ╚═════╝ ╚═╝  ╚═══╝╚═════╝ 
  PandaTouch Edition  —  ESP32-S3  |  7" 800×480  |  GT911  |  WiFi + BT
[0m
[0;36m[INFO][0m  Building HaleHound firmware for PandaTouch (env: pandatouch) ...
Processing pandatouch (platform: espressif32@6.9.0; board: esp32-s3-devkitc-1; framework: arduino)
--------------------------------------------------------------------------------
Verbose mode can be enabled via `-v, --verbose` option
CONFIGURATION: https://docs.platformio.org/page/boards/espressif32/esp32-s3-devkitc-1.html
PLATFORM: Espressif 32 (6.9.0) > Espressif ESP32-S3-DevKitC-1-N8 (8 MB QD, No PSRAM)
HARDWARE: ESP32S3 240MHz, 320KB RAM, 8MB Flash
DEBUG: Current (esp-builtin) On-board (esp-builtin) External (cmsis-dap, esp-bridge, esp-prog, iot-bus-jtag, jlink, minimodule, olimex-arm-usb-ocd, olimex-arm-usb-ocd-h, olimex-arm-usb-tiny-h, olimex-jtag-tiny, tumpa)
PACKAGES: 
 - framework-arduinoespressif32 @ 3.20017.241212+sha.dcc1105b 
 - tool-esptoolpy @ 1.40501.0 (4.5.1) 
 - toolchain-riscv32-esp @ 8.4.0+2021r2-patch5 
 - toolchain-xtensa-esp32s3 @ 8.4.0+2021r2-patch5
Converting HaleHound-CYD.ino
LDF: Library Dependency Finder -> https://bit.ly/configure-pio-ldf
LDF Modes: Finder ~ chain, Compatibility ~ soft
Found 47 compatible libraries
Scanning dependencies...
Dependency Graph
|-- TFT_eSPI @ 2.5.43
|-- GFX Library for Arduino @ 1.5.0
|-- TAMC_GT911 @ 1.0.2
|-- ArduinoJson @ 7.4.3
|-- TinyGPSPlus @ 1.1.0
|-- EspSoftwareSerial @ 8.2.0
|-- rc-switch @ 2.6.4
|-- arduinoFFT @ 2.0.4
|-- RF24 @ 1.4.11
|-- SmartRC-CC1101-Driver-Lib @ 2.5.7
|-- Adafruit PN532 @ 1.3.4
|-- ESP32 BLE Keyboard @ 0.3.2
|-- SPI @ 2.0.0
|-- ESP32 BLE Arduino @ 2.0.0
|-- SD @ 2.0.0
|-- WiFi @ 2.0.0
|-- Update @ 2.0.0
|-- EEPROM @ 2.0.0
|-- Preferences @ 2.0.0
|-- Wire @ 2.0.0
|-- DNSServer @ 2.0.0
|-- WebServer @ 2.0.0
|-- Adafruit BusIO @ 1.17.4
|-- SPIFFS @ 2.0.0
|-- FS @ 2.0.0
|-- LittleFS @ 2.0.0
Building in release mode
Compiling .pio/build/pandatouch/src/HaleHound-CYD.ino.cpp.o
In file included from cyd_config.h:9,
                 from /home/martin/halehound-bigtree/HaleHound-CYD/HaleHound-CYD.ino:26:
pt_config.h:16: warning: "CYD_BOARD_NAME" redefined
 #define CYD_BOARD_NAME  "HaleHound-PandaTouch 7\""
 
In file included from .pio/libdeps/pandatouch/TFT_eSPI/User_Setup_Select.h:27,
                 from .pio/libdeps/pandatouch/TFT_eSPI/TFT_eSPI.h:69,
                 from /home/martin/halehound-bigtree/HaleHound-CYD/HaleHound-CYD.ino:20:
./User_Setup.h:44: note: this is the location of the previous definition
   #define CYD_BOARD_NAME "CYD 2.8\" (ESP32-2432S028)"
 
In file included from .pio/libdeps/pandatouch/RF24/RF24.h:18,
                 from nrf24_config.h:11,
                 from /home/martin/halehound-bigtree/HaleHound-CYD/HaleHound-CYD.ino:32:
.pio/libdeps/pandatouch/RF24/RF24_config.h:23: warning: "FAILURE_HANDLING" redefined
 #define FAILURE_HANDLING
 
<command-line>: note: this is the location of the previous definition
Linking .pio/build/pandatouch/firmware.elf
/home/martin/.platformio/packages/toolchain-xtensa-esp32s3/bin/../lib/gcc/xtensa-esp32s3-elf/8.4.0/../../../../xtensa-esp32s3-elf/bin/ld: .pio/build/pandatouch/src/HaleHound-CYD.ino.cpp.o:(.literal._Z22handleRFIDSubmenuTouchv+0x0): undefined reference to `RFIDEmulate::setup()'
/home/martin/.platformio/packages/toolchain-xtensa-esp32s3/bin/../lib/gcc/xtensa-esp32s3-elf/8.4.0/../../../../xtensa-esp32s3-elf/bin/ld: .pio/build/pandatouch/src/HaleHound-CYD.ino.cpp.o:(.literal._Z22handleRFIDSubmenuTouchv+0x4): undefined reference to `RFIDEmulate::loop()'
/home/martin/.platformio/packages/toolchain-xtensa-esp32s3/bin/../lib/gcc/xtensa-esp32s3-elf/8.4.0/../../../../xtensa-esp32s3-elf/bin/ld: .pio/build/pandatouch/src/HaleHound-CYD.ino.cpp.o:(.literal._Z22handleRFIDSubmenuTouchv+0x8): undefined reference to `RFIDEmulate::isExitRequested()'
/home/martin/.platformio/packages/toolchain-xtensa-esp32s3/bin/../lib/gcc/xtensa-esp32s3-elf/8.4.0/../../../../xtensa-esp32s3-elf/bin/ld: .pio/build/pandatouch/src/HaleHound-CYD.ino.cpp.o:(.literal._Z22handleRFIDSubmenuTouchv+0xc): undefined reference to `RFIDScanner::setup()'
/home/martin/.platformio/packages/toolchain-xtensa-esp32s3/bin/../lib/gcc/xtensa-esp32s3-elf/8.4.0/../../../../xtensa-esp32s3-elf/bin/ld: .pio/build/pandatouch/src/HaleHound-CYD.ino.cpp.o:(.literal._Z22handleRFIDSubmenuTouchv+0x10): undefined reference to `RFIDScanner::loop()'
/home/martin/.platformio/packages/toolchain-xtensa-esp32s3/bin/../lib/gcc/xtensa-esp32s3-elf/8.4.0/../../../../xtensa-esp32s3-elf/bin/ld: .pio/build/pandatouch/src/HaleHound-CYD.ino.cpp.o:(.literal._Z22handleRFIDSubmenuTouchv+0x14): undefined reference to `RFIDScanner::isExitRequested()'
/home/martin/.platformio/packages/toolchain-xtensa-esp32s3/bin/../lib/gcc/xtensa-esp32s3-elf/8.4.0/../../../../xtensa-esp32s3-elf/bin/ld: .pio/build/pandatouch/src/HaleHound-CYD.ino.cpp.o:(.literal._Z22handleRFIDSubmenuTouchv+0x18): undefined reference to `RFIDScanner::cleanup()'
/home/martin/.platformio/packages/toolchain-xtensa-esp32s3/bin/../lib/gcc/xtensa-esp32s3-elf/8.4.0/../../../../xtensa-esp32s3-elf/bin/ld: .pio/build/pandatouch/src/HaleHound-CYD.ino.cpp.o:(.literal._Z22handleRFIDSubmenuTouchv+0x1c): undefined reference to `RFIDReader::setup()'
/home/martin/.platformio/packages/toolchain-xtensa-esp32s3/bin/../lib/gcc/xtensa-esp32s3-elf/8.4.0/../../../../xtensa-esp32s3-elf/bin/ld: .pio/build/pandatouch/src/HaleHound-CYD.ino.cpp.o:(.literal._Z22handleRFIDSubmenuTouchv+0x20): undefined reference to `RFIDReader::loop()'
/home/martin/.platformio/packages/toolchain-xtensa-esp32s3/bin/../lib/gcc/xtensa-esp32s3-elf/8.4.0/../../../../xtensa-esp32s3-elf/bin/ld: .pio/build/pandatouch/src/HaleHound-CYD.ino.cpp.o:(.literal._Z22handleRFIDSubmenuTouchv+0x24): undefined reference to `RFIDReader::isExitRequested()'
/home/martin/.platformio/packages/toolchain-xtensa-esp32s3/bin/../lib/gcc/xtensa-esp32s3-elf/8.4.0/../../../../xtensa-esp32s3-elf/bin/ld: .pio/build/pandatouch/src/HaleHound-CYD.ino.cpp.o:(.literal._Z22handleRFIDSubmenuTouchv+0x28): undefined reference to `RFIDReader::cleanup()'
/home/martin/.platformio/packages/toolchain-xtensa-esp32s3/bin/../lib/gcc/xtensa-esp32s3-elf/8.4.0/../../../../xtensa-esp32s3-elf/bin/ld: .pio/build/pandatouch/src/HaleHound-CYD.ino.cpp.o:(.literal._Z22handleRFIDSubmenuTouchv+0x2c): undefined reference to `RFIDClone::setup()'
/home/martin/.platformio/packages/toolchain-xtensa-esp32s3/bin/../lib/gcc/xtensa-esp32s3-elf/8.4.0/../../../../xtensa-esp32s3-elf/bin/ld: .pio/build/pandatouch/src/HaleHound-CYD.ino.cpp.o:(.literal._Z22handleRFIDSubmenuTouchv+0x30): undefined reference to `RFIDClone::loop()'
/home/martin/.platformio/packages/toolchain-xtensa-esp32s3/bin/../lib/gcc/xtensa-esp32s3-elf/8.4.0/../../../../xtensa-esp32s3-elf/bin/ld: .pio/build/pandatouch/src/HaleHound-CYD.ino.cpp.o:(.literal._Z22handleRFIDSubmenuTouchv+0x34): undefined reference to `RFIDClone::isExitRequested()'
/home/martin/.platformio/packages/toolchain-xtensa-esp32s3/bin/../lib/gcc/xtensa-esp32s3-elf/8.4.0/../../../../xtensa-esp32s3-elf/bin/ld: .pio/build/pandatouch/src/HaleHound-CYD.ino.cpp.o:(.literal._Z22handleRFIDSubmenuTouchv+0x38): undefined reference to `RFIDClone::cleanup()'
/home/martin/.platformio/packages/toolchain-xtensa-esp32s3/bin/../lib/gcc/xtensa-esp32s3-elf/8.4.0/../../../../xtensa-esp32s3-elf/bin/ld: .pio/build/pandatouch/src/HaleHound-CYD.ino.cpp.o:(.literal._Z22handleRFIDSubmenuTouchv+0x3c): undefined reference to `RFIDBrute::setup()'
/home/martin/.platformio/packages/toolchain-xtensa-esp32s3/bin/../lib/gcc/xtensa-esp32s3-elf/8.4.0/../../../../xtensa-esp32s3-elf/bin/ld: .pio/build/pandatouch/src/HaleHound-CYD.ino.cpp.o:(.literal._Z22handleRFIDSubmenuTouchv+0x40): undefined reference to `RFIDBrute::loop()'
/home/martin/.platformio/packages/toolchain-xtensa-esp32s3/bin/../lib/gcc/xtensa-esp32s3-elf/8.4.0/../../../../xtensa-esp32s3-elf/bin/ld: .pio/build/pandatouch/src/HaleHound-CYD.ino.cpp.o:(.literal._Z22handleRFIDSubmenuTouchv+0x44): undefined reference to `RFIDBrute::isExitRequested()'
/home/martin/.platformio/packages/toolchain-xtensa-esp32s3/bin/../lib/gcc/xtensa-esp32s3-elf/8.4.0/../../../../xtensa-esp32s3-elf/bin/ld: .pio/build/pandatouch/src/HaleHound-CYD.ino.cpp.o:(.literal._Z22handleRFIDSubmenuTouchv+0x48): undefined reference to `RFIDBrute::cleanup()'
/home/martin/.platformio/packages/toolchain-xtensa-esp32s3/bin/../lib/gcc/xtensa-esp32s3-elf/8.4.0/../../../../xtensa-esp32s3-elf/bin/ld: .pio/build/pandatouch/src/HaleHound-CYD.ino.cpp.o:(.literal._Z22handleRFIDSubmenuTouchv+0x4c): undefined reference to `RFIDEmulate::cleanup()'
/home/martin/.platformio/packages/toolchain-xtensa-esp32s3/bin/../lib/gcc/xtensa-esp32s3-elf/8.4.0/../../../../xtensa-esp32s3-elf/bin/ld: .pio/build/pandatouch/src/HaleHound-CYD.ino.cpp.o: in function `handleRFIDSubmenuTouch()':
/home/martin/halehound-bigtree/HaleHound-CYD/HaleHound-CYD.ino:1300: undefined reference to `RFIDEmulate::setup()'
/home/martin/.platformio/packages/toolchain-xtensa-esp32s3/bin/../lib/gcc/xtensa-esp32s3-elf/8.4.0/../../../../xtensa-esp32s3-elf/bin/ld: .pio/build/pandatouch/src/HaleHound-CYD.ino.cpp.o: in function `handleSubGHzSubmenuTouch()':
/home/martin/halehound-bigtree/HaleHound-CYD/HaleHound-CYD.ino:1307: undefined reference to `RFIDEmulate::loop()'
/home/martin/.platformio/packages/toolchain-xtensa-esp32s3/bin/../lib/gcc/xtensa-esp32s3-elf/8.4.0/../../../../xtensa-esp32s3-elf/bin/ld: /home/martin/halehound-bigtree/HaleHound-CYD/HaleHound-CYD.ino:1307: undefined reference to `RFIDEmulate::isExitRequested()'
/home/martin/.platformio/packages/toolchain-xtensa-esp32s3/bin/../lib/gcc/xtensa-esp32s3-elf/8.4.0/../../../../xtensa-esp32s3-elf/bin/ld: .pio/build/pandatouch/src/HaleHound-CYD.ino.cpp.o: in function `handleRFIDSubmenuTouch()':
/home/martin/halehound-bigtree/HaleHound-CYD/HaleHound-CYD.ino:1508: undefined reference to `RFIDScanner::setup()'
/home/martin/.platformio/packages/toolchain-xtensa-esp32s3/bin/../lib/gcc/xtensa-esp32s3-elf/8.4.0/../../../../xtensa-esp32s3-elf/bin/ld: /home/martin/halehound-bigtree/HaleHound-CYD/HaleHound-CYD.ino:1438: undefined reference to `RFIDScanner::loop()'
/home/martin/.platformio/packages/toolchain-xtensa-esp32s3/bin/../lib/gcc/xtensa-esp32s3-elf/8.4.0/../../../../xtensa-esp32s3-elf/bin/ld: /home/martin/halehound-bigtree/HaleHound-CYD/HaleHound-CYD.ino:1439: undefined reference to `RFIDScanner::isExitRequested()'
/home/martin/.platformio/packages/toolchain-xtensa-esp32s3/bin/../lib/gcc/xtensa-esp32s3-elf/8.4.0/../../../../xtensa-esp32s3-elf/bin/ld: /home/martin/halehound-bigtree/HaleHound-CYD/HaleHound-CYD.ino:1445: undefined reference to `RFIDScanner::cleanup()'
/home/martin/.platformio/packages/toolchain-xtensa-esp32s3/bin/../lib/gcc/xtensa-esp32s3-elf/8.4.0/../../../../xtensa-esp32s3-elf/bin/ld: /home/martin/halehound-bigtree/HaleHound-CYD/HaleHound-CYD.ino:1445: undefined reference to `RFIDReader::setup()'
/home/martin/.platformio/packages/toolchain-xtensa-esp32s3/bin/../lib/gcc/xtensa-esp32s3-elf/8.4.0/../../../../xtensa-esp32s3-elf/bin/ld: /home/martin/halehound-bigtree/HaleHound-CYD/HaleHound-CYD.ino:1447: undefined reference to `RFIDReader::loop()'
/home/martin/.platformio/packages/toolchain-xtensa-esp32s3/bin/../lib/gcc/xtensa-esp32s3-elf/8.4.0/../../../../xtensa-esp32s3-elf/bin/ld: /home/martin/halehound-bigtree/HaleHound-CYD/HaleHound-CYD.ino:1448: undefined reference to `RFIDReader::isExitRequested()'
/home/martin/.platformio/packages/toolchain-xtensa-esp32s3/bin/../lib/gcc/xtensa-esp32s3-elf/8.4.0/../../../../xtensa-esp32s3-elf/bin/ld: /home/martin/halehound-bigtree/HaleHound-CYD/HaleHound-CYD.ino:1456: undefined reference to `RFIDReader::cleanup()'
/home/martin/.platformio/packages/toolchain-xtensa-esp32s3/bin/../lib/gcc/xtensa-esp32s3-elf/8.4.0/../../../../xtensa-esp32s3-elf/bin/ld: /home/martin/halehound-bigtree/HaleHound-CYD/HaleHound-CYD.ino:1457: undefined reference to `RFIDClone::setup()'
/home/martin/.platformio/packages/toolchain-xtensa-esp32s3/bin/../lib/gcc/xtensa-esp32s3-elf/8.4.0/../../../../xtensa-esp32s3-elf/bin/ld: /home/martin/halehound-bigtree/HaleHound-CYD/HaleHound-CYD.ino:1459: undefined reference to `RFIDClone::loop()'
/home/martin/.platformio/packages/toolchain-xtensa-esp32s3/bin/../lib/gcc/xtensa-esp32s3-elf/8.4.0/../../../../xtensa-esp32s3-elf/bin/ld: /home/martin/halehound-bigtree/HaleHound-CYD/HaleHound-CYD.ino:1460: undefined reference to `RFIDClone::isExitRequested()'
/home/martin/.platformio/packages/toolchain-xtensa-esp32s3/bin/../lib/gcc/xtensa-esp32s3-elf/8.4.0/../../../../xtensa-esp32s3-elf/bin/ld: /home/martin/halehound-bigtree/HaleHound-CYD/HaleHound-CYD.ino:1474: undefined reference to `RFIDClone::cleanup()'
/home/martin/.platformio/packages/toolchain-xtensa-esp32s3/bin/../lib/gcc/xtensa-esp32s3-elf/8.4.0/../../../../xtensa-esp32s3-elf/bin/ld: /home/martin/halehound-bigtree/HaleHound-CYD/HaleHound-CYD.ino:1463: undefined reference to `RFIDBrute::setup()'
/home/martin/.platformio/packages/toolchain-xtensa-esp32s3/bin/../lib/gcc/xtensa-esp32s3-elf/8.4.0/../../../../xtensa-esp32s3-elf/bin/ld: /home/martin/halehound-bigtree/HaleHound-CYD/HaleHound-CYD.ino:1463: undefined reference to `RFIDBrute::loop()'
/home/martin/.platformio/packages/toolchain-xtensa-esp32s3/bin/../lib/gcc/xtensa-esp32s3-elf/8.4.0/../../../../xtensa-esp32s3-elf/bin/ld: /home/martin/halehound-bigtree/HaleHound-CYD/HaleHound-CYD.ino:1463: undefined reference to `RFIDBrute::isExitRequested()'
/home/martin/.platformio/packages/toolchain-xtensa-esp32s3/bin/../lib/gcc/xtensa-esp32s3-elf/8.4.0/../../../../xtensa-esp32s3-elf/bin/ld: /home/martin/halehound-bigtree/HaleHound-CYD/HaleHound-CYD.ino:1490: undefined reference to `RFIDBrute::cleanup()'
/home/martin/.platformio/packages/toolchain-xtensa-esp32s3/bin/../lib/gcc/xtensa-esp32s3-elf/8.4.0/../../../../xtensa-esp32s3-elf/bin/ld: /home/martin/halehound-bigtree/HaleHound-CYD/HaleHound-CYD.ino:1480: undefined reference to `RFIDEmulate::cleanup()'
/home/martin/.platformio/packages/toolchain-xtensa-esp32s3/bin/../lib/gcc/xtensa-esp32s3-elf/8.4.0/../../../../xtensa-esp32s3-elf/bin/ld: .pio/build/pandatouch/src/touch_buttons.cpp.o:(.literal._Z19waitForTouchReleasev+0x0): undefined reference to `TFT_eSPI::getTouch(unsigned short*, unsigned short*, unsigned short)'
/home/martin/.platformio/packages/toolchain-xtensa-esp32s3/bin/../lib/gcc/xtensa-esp32s3-elf/8.4.0/../../../../xtensa-esp32s3-elf/bin/ld: .pio/build/pandatouch/src/touch_buttons.cpp.o: in function `waitForTouchRelease()':
/home/martin/halehound-bigtree/HaleHound-CYD/touch_buttons.cpp:47: undefined reference to `TFT_eSPI::getTouch(unsigned short*, unsigned short*, unsigned short)'
/home/martin/.platformio/packages/toolchain-xtensa-esp32s3/bin/../lib/gcc/xtensa-esp32s3-elf/8.4.0/../../../../xtensa-esp32s3-elf/bin/ld: .pio/build/pandatouch/src/touch_buttons.cpp.o: in function `isTouched()':
/home/martin/halehound-bigtree/HaleHound-CYD/touch_buttons.cpp:363: undefined reference to `TFT_eSPI::getTouch(unsigned short*, unsigned short*, unsigned short)'
/home/martin/.platformio/packages/toolchain-xtensa-esp32s3/bin/../lib/gcc/xtensa-esp32s3-elf/8.4.0/../../../../xtensa-esp32s3-elf/bin/ld: .pio/build/pandatouch/src/touch_buttons.cpp.o: in function `peekTouchPoint(unsigned short*, unsigned short*)':
/home/martin/halehound-bigtree/HaleHound-CYD/touch_buttons.cpp:386: undefined reference to `TFT_eSPI::getTouch(unsigned short*, unsigned short*, unsigned short)'
/home/martin/.platformio/packages/toolchain-xtensa-esp32s3/bin/../lib/gcc/xtensa-esp32s3-elf/8.4.0/../../../../xtensa-esp32s3-elf/bin/ld: .pio/build/pandatouch/src/touch_buttons.cpp.o: in function `getTouchPoint(unsigned short*, unsigned short*)':
/home/martin/halehound-bigtree/HaleHound-CYD/touch_buttons.cpp:404: undefined reference to `TFT_eSPI::getTouch(unsigned short*, unsigned short*, unsigned short)'
/home/martin/.platformio/packages/toolchain-xtensa-esp32s3/bin/../lib/gcc/xtensa-esp32s3-elf/8.4.0/../../../../xtensa-esp32s3-elf/bin/ld: .pio/build/pandatouch/src/touch_buttons.cpp.o:/home/martin/halehound-bigtree/HaleHound-CYD/touch_buttons.cpp:479: more undefined references to `TFT_eSPI::getTouch(unsigned short*, unsigned short*, unsigned short)' follow
collect2: error: ld returned 1 exit status
*** [.pio/build/pandatouch/firmware.elf] Error 1
========================== [FAILED] Took 8.60 seconds ==========================

Environment    Status    Duration
-------------  --------  ------------
pandatouch     FAILED    00:00:08.597
==================== 1 failed, 0 succeeded in 00:00:08.597 ====================
